// Vitest Snapshot v1, https://vitest.dev/guide/snapshot.html

exports[`matches snapshot 1`] = `
<div
  style={
    {
      "textAlign": "center",
    }
  }
>
  <div>
    light
  </div>
  <default />
</div>
`;
